// Jest Snapshot v1, https://goo.gl/fbAQLP

exports[`SurveyToast should match snapshot 1`] = `
<div>
  <div
    class="mm-box mm-banner-base mm-box--padding-3 mm-box--display-flex mm-box--gap-2 mm-box--background-color-background-default"
    data-theme="light"
  >
    <div
      class="mm-box mm-box--min-width-0"
    >
      <div
        class="mm-box mm-box--display-flex mm-box--gap-4"
        data-testid="survey-toast"
      >
        <div
          class="mm-box"
        >
          <p
            class="mm-box mm-text toast-text mm-text--body-md mm-box--color-text-default"
          />
        </div>
      </div>
    </div>
    <button
      aria-label="Close"
      class="mm-box mm-button-icon mm-button-icon--size-sm mm-banner-base__close-button mm-box--margin-left-auto mm-box--display-inline-flex mm-box--justify-content-center mm-box--align-items-center mm-box--color-icon-default mm-box--background-color-transparent mm-box--rounded-lg"
    >
      <span
        class="mm-box mm-icon mm-icon--size-sm mm-box--display-inline-block mm-box--color-inherit"
        style="mask-image: url('./images/icons/close.svg');"
      />
    </button>
  </div>
</div>
`;
